[wascade.ma/index.html]
[wascade.ma/xmlrpc.php]
[backblue.gif]
[fade.gif]
[index.html]
[wascade.ma/wp-content/uploads/2018/02/bg-1-1.jpg]
[wascade.ma/feed/index.html]
[wascade.ma/comments/feed/index.html]
[wascade.ma/wp-json/index.html]
[wascade.ma/xmlrpc0db0.php]
[wascade.ma/wp-includes/wlwmanifest.xml]
[wascade.ma/wp-json/oembed/1.0/embed56a3.json]
[wascade.ma/wp-json/oembed/1.0/embed0539]
[wascade.ma/wp-admin/admin-ajax.php]
[wascade.ma/wp-content/uploads/2018/02/favicon-50x50.png]
[wascade.ma/wp-content/uploads/2018/02/favicon-320x320.png]
[wascade.ma/rsslatest.html]
[wascade.ma/wp-content/uploads/2015/12/placeholderb4cd.gif]
[wascade.ma/wp-content/uploads/2018/02/logo-sm-trsp.png]
[wascade.ma/0661354417.e.delayed]
[wascade.ma/a-propos/index.html]
[wascade.ma/nos-services/index.html]
[wascade.ma/services/deratisation.html]
[wascade.ma/services/desinsectisation.html]
[wascade.ma/services/desinfection.html]
[wascade.ma/services/capture-des-chats-errants.html]
[wascade.ma/services/capture-des-chiens-errants.html]
[wascade.ma/services/depigeonnisation.html]
[wascade.ma/wp-content/plugins/revslider/admin/assets/images/dummy.png]
[wascade.ma/nos-produits/index.html]
[wascade.ma/contact/index.html]
[wascade.ma/a-propos.html]
[wascade.ma/services/desinfection/index.html]
[wascade.ma/services/deratisation/index.html]
[wascade.ma/wp-content/uploads/2018/03/modern-business-skyscrapers-seen-from-the-window_1204-392-350x250.jpg]
[wascade.ma/contact.html]
[wascade.ma/wp-content/uploads/2018/03/handshake-close-up-of-executives_1098-1384-350x250.jpg]
[wascade.ma/wp-content/uploads/2018/03/smiling-man-gesturing-thumb-up_23-2147710923-350x250.jpg]
[wascade.ma/wp-content/uploads/2018/03/IMG-20180319-WA0022-1-255x182.jpg]
[wascade.ma/services/desinsectisation/index.html]
[wascade.ma/services/depigeonnisation/index.html]
[wascade.ma/services/capture-des-chats/index.html]
[wascade.ma/services/capture-des-chiens/index.html]
[wascade.ma/wp-content/uploads/2018/03/big02a-255x182.jpg]
[wascade.ma/services/poste-dappatage-masterbox-big/index.html]
[wascade.ma/services/cage-de-capture-pour-rats/index.html]
[wascade.ma/services/masterbox-plus-transparent/index.html]
[wascade.ma/wp-content/uploads/2018/03/MASTERBOX-PLUS-255x182.jpg]
[wascade.ma/wp-content/uploads/2018/04/eurofly-255x182.png]
[wascade.ma/services/eurofly/index.html]
[wascade.ma/wp-content/uploads/2018/03/lmpe.jpg]
[wascade.ma/wp-content/uploads/2018/03/marjane.jpg]
[wascade.ma/wp-content/uploads/2018/03/CDG-Capital.jpg]
[wascade.ma/wp-content/uploads/2018/03/sntl.jpg]
[wascade.ma/wp-content/uploads/2018/03/masen-1.jpg]
[wascade.ma/wp-content/uploads/2018/03/SGTM.jpg]
[wascade.ma/wp-content/uploads/2018/03/casa-american.jpg]
[wascade.ma/wp-content/uploads/2018/03/Alqudra.jpg]
[wascade.ma/wp-content/uploads/2018/03/caisse-d-epargne.jpg]
[wascade.ma/wp-content/uploads/2018/03/grand-mogador1.jpg]
[wascade.ma/wp-content/uploads/2018/03/mogador2.jpg]
[wascade.ma/wp-content/uploads/2018/03/Dawajine-almaghrib.jpg]
[wascade.ma/wp-content/uploads/2018/03/citroen.jpg]
[wascade.ma/wp-content/uploads/2018/03/peugeot.jpg]
[wascade.ma/wp-content/uploads/2018/03/golden-tulip-farah.jpg]
[wascade.ma/wp-content/uploads/2018/03/hotel-rabat.jpg]
[wascade.ma/wp-content/uploads/2018/08/logo-pullman.jpg]
[wascade.ma/wp-content/uploads/2018/03/percall.jpg]
[wascade.ma/wp-content/uploads/2018/03/bahreen.jpg]
[wascade.ma/wp-content/uploads/2018/08/safran-logo.jpg]
[wascade.ma/wp-content/uploads/2018/03/oman.jpg]
[wascade.ma/index.html]
[wascade.ma/wp-content/plugins/contact-form-7/images/ajax-loader.gif]
[wascade.ma/wp-content/uploads/stm_fonts/stm/stm8e1e.eot]
[wascade.ma/wp-content/uploads/stm_fonts/stm/stm8e1e.ttf]
[wascade.ma/wp-content/uploads/stm_fonts/stm/stm8e1e.woff]
[wascade.ma/wp-content/uploads/stm_fonts/mega/megaf0fd.eot]
[wascade.ma/wp-content/uploads/stm_fonts/mega/megaf0fd.ttf]
[wascade.ma/wp-content/uploads/stm_fonts/mega/megaf0fd.woff]
[wascade.ma/wp-content/plugins/revslider/public/assets/fonts/revicons/revicons90c6.eot]
[wascade.ma/wp-content/plugins/revslider/public/assets/fonts/revicons/revicons90c6.woff]
[wascade.ma/wp-content/plugins/revslider/public/assets/fonts/revicons/revicons90c6.ttf]
[wascade.ma/wp-content/plugins/revslider/public/assets/assets/gridtile.png]
[wascade.ma/wp-content/plugins/revslider/public/assets/assets/gridtile_white.png]
[wascade.ma/wp-content/plugins/revslider/public/assets/assets/gridtile_3x3.png]
[wascade.ma/wp-content/plugins/revslider/public/assets/assets/gridtile_3x3_white.png]
[wascade.ma/wp-content/plugins/revslider/public/assets/assets/coloredbg.png]
[wascade.ma/wp-content/plugins/revslider/public/assets/assets/loader.gif]
[wascade.ma/wp-content/themes/consulting/assets/fonts/glyphicons-halflings-regular.eot]
[wascade.ma/wp-content/themes/consulting/assets/fonts/glyphicons-halflings-regulard41d.eot]
[wascade.ma/wp-content/themes/consulting/assets/fonts/glyphicons-halflings-regular.woff2]
[wascade.ma/wp-content/themes/consulting/assets/fonts/glyphicons-halflings-regular.woff]
[wascade.ma/wp-content/themes/consulting/assets/fonts/glyphicons-halflings-regular.ttf]
[wascade.ma/wp-content/themes/consulting/assets/images/page_404.jpg]
[wascade.ma/wp-content/themes/consulting/assets/images/bg/img_1.jpg]
[wascade.ma/wp-content/themes/consulting/assets/images/bg/img_2.jpg]
[wascade.ma/wp-content/themes/consulting/assets/images/bg/img_3.png]
[wascade.ma/wp-content/themes/consulting/assets/images/bg/img_4.png]
[wascade.ma/wp-content/themes/consulting/assets/images/stroke.png]
[wascade.ma/wp-content/themes/consulting/assets/images/stroke@2x.png]
[wascade.ma/wp-content/themes/consulting/assets/images/pattern_3.png]
[wascade.ma/wp-content/themes/consulting/assets/images/testimonials_before_2.png]
[wascade.ma/wp-content/themes/consulting/assets/images/testimonials_before.png]
[wascade.ma/wp-content/themes/consulting/assets/images/pattern_4.png]
[wascade.ma/wp-content/themes/consulting/assets/images/preloader.gif]
[wascade.ma/wp-content/themes/consulting/assets/images/comment_before.png]
[wascade.ma/wp-content/themes/consulting/assets/images/video_overlay.png]
[wascade.ma/wp-content/themes/consulting/assets/fonts/fontawesome-webfont3e6e.eot]
[wascade.ma/wp-content/themes/consulting/assets/fonts/fontawesome-webfontd41d.eot]
[wascade.ma/wp-content/themes/consulting/assets/fonts/fontawesome-webfont3e6e.woff2]
[wascade.ma/wp-content/themes/consulting/assets/fonts/fontawesome-webfont3e6e.woff]
[wascade.ma/wp-content/themes/consulting/assets/fonts/fontawesome-webfont3e6e.ttf]
[wascade.ma/wp-content/plugins/js_composer/assets/vc/alert.png]
[wascade.ma/wp-content/plugins/js_composer/assets/vc/info.png]
[wascade.ma/wp-content/plugins/js_composer/assets/vc/tick.png]
[wascade.ma/wp-content/plugins/js_composer/assets/vc/exclamation.png]
[wascade.ma/wp-content/plugins/js_composer/assets/images/icons/address-book.png]
[wascade.ma/wp-content/plugins/js_composer/assets/images/icons/alarm-clock.png]
[wascade.ma/wp-content/plugins/js_composer/assets/images/icons/anchor.png]
[wascade.ma/wp-content/plugins/js_composer/assets/images/icons/application-image.png]
[wascade.ma/wp-content/plugins/js_composer/assets/images/icons/arrow.png]
[wascade.ma/wp-content/plugins/js_composer/assets/images/icons/asterisk.png]
[wascade.ma/wp-content/plugins/js_composer/assets/images/icons/auction-hammer.png]
[wascade.ma/wp-content/plugins/js_composer/assets/images/icons/balloon.png]
[wascade.ma/wp-content/plugins/js_composer/assets/images/icons/balloon-buzz.png]
[wascade.ma/wp-content/plugins/js_composer/assets/images/icons/balloon-facebook.png]
[wascade.ma/wp-content/plugins/js_composer/assets/images/icons/balloon-twitter.png]
[wascade.ma/wp-content/plugins/js_composer/assets/images/icons/battery-full.png]
[wascade.ma/wp-content/plugins/js_composer/assets/images/icons/binocular.png]
[wascade.ma/wp-content/plugins/js_composer/assets/images/icons/blue-document-excel.png]
[wascade.ma/wp-content/plugins/js_composer/assets/images/icons/blue-document-image.png]
[wascade.ma/wp-content/plugins/js_composer/assets/images/icons/blue-document-music.png]
[wascade.ma/wp-content/plugins/js_composer/assets/images/icons/blue-document-office.png]
[wascade.ma/wp-content/plugins/js_composer/assets/images/icons/blue-document-pdf.png]
[wascade.ma/wp-content/plugins/js_composer/assets/images/icons/blue-document-powerpoint.png]
[wascade.ma/wp-content/plugins/js_composer/assets/images/icons/blue-document-word.png]
[wascade.ma/wp-content/plugins/js_composer/assets/images/icons/bookmark.png]
[wascade.ma/wp-content/plugins/js_composer/assets/images/icons/camcorder.png]
[wascade.ma/wp-content/plugins/js_composer/assets/images/icons/camera.png]
[wascade.ma/wp-content/plugins/js_composer/assets/images/icons/chart.png]
[wascade.ma/wp-content/plugins/js_composer/assets/images/icons/chart-pie.png]
[wascade.ma/wp-content/plugins/js_composer/assets/images/icons/clock.png]
[wascade.ma/wp-content/plugins/js_composer/assets/images/icons/control.png]
[wascade.ma/wp-content/plugins/js_composer/assets/images/icons/fire.png]
[wascade.ma/wp-content/plugins/js_composer/assets/images/icons/heart.png]
[wascade.ma/wp-content/plugins/js_composer/assets/images/icons/mail.png]
[wascade.ma/wp-content/plugins/js_composer/assets/images/icons/plus-shield.png]
[wascade.ma/wp-content/plugins/js_composer/assets/images/icons/video.png]
[wascade.ma/wp-content/plugins/js_composer/assets/fonts/vc_icons_v2/fonts/vcpb-plugin-icons01aa.ttf]
[wascade.ma/wp-content/plugins/js_composer/assets/fonts/vc_icons_v2/fonts/vcpb-plugin-icons01aa.woff]
[wascade.ma/wp-content/plugins/js_composer/assets/images/toggle_open.png]
[wascade.ma/wp-content/plugins/js_composer/assets/images/toggle_close.png]
[wascade.ma/wp-content/plugins/js_composer/assets/images/flickr.png]
[wascade.ma/wp-content/plugins/js_composer/assets/fonts/vc_grid/vc_grid_v157a1.eot]
[wascade.ma/wp-content/plugins/js_composer/assets/fonts/vc_grid/vc_grid_v1d41d.eot]
[wascade.ma/wp-content/plugins/js_composer/assets/fonts/vc_grid/vc_grid_v157a1.woff]
[wascade.ma/wp-content/plugins/js_composer/assets/fonts/vc_grid/vc_grid_v157a1.ttf]
[wascade.ma/wp-content/plugins/js_composer/assets/images/spinner.gif]
[wascade.ma/wp-content/plugins/js_composer/assets/vc/remove.png]
[wascade.ma/wp-content/plugins/wp-client-logo-carousel/img/grabbing.png]
[wascade.ma/wp-content/plugins/wp-client-logo-carousel/img/AjaxLoader.gif]
[wascade.ma/wp-content/cache/minify/0381e.css]
[wascade.ma/xmlrpc.php]
[wascade.ma/TweenLite.js]
[wascade.ma/Version/index.html]
[wascade.ma/+s+.99.delayed]
[wascade.ma/wp-content/cache/minify/eff97.js]
[wascade.ma/wp-admin/admin-ajax.html]
[wascade.ma/rsslatest.html]
[wascade.ma/0661354417.html]
[wascade.ma/wp-json/oembed/1.0/embedadb9.json]
[wascade.ma/indexb5fb.html]
[wascade.ma/wp-json/oembed/1.0/embed5c39]
[wascade.ma/a-propos/0661354417]
[wascade.ma/wp-content/uploads/2018/03/IMG-20180320-WA0000-1-396x540.jpg]
[wascade.ma/a-propos/661354417/index.html]
[wascade.ma/wp-content/uploads/2018/03/IMG-20180319-WA0015-396x540.jpg]
[wascade.ma/wp-content/uploads/2018/03/IMG-20180319-WA0018-396x540.jpg]
[wascade.ma/wp-content/uploads/2018/03/IMG-20180319-WA0020-396x540.jpg]
[wascade.ma/wp-content/uploads/2018/03/Brochure-A4.pdf]
[wascade.ma/a-propos/index.html]
[wascade.ma/wp-content/uploads/2018/03/bg-title-services.jpg]
[wascade.ma/wp-json/oembed/1.0/embedbadb.json]
[wascade.ma/index193e.html]
[wascade.ma/wp-json/oembed/1.0/embed5aa9]
[wascade.ma/nos-services/0661354417]
[wascade.ma/nos-services/661354417/index.html]
[wascade.ma/wp-content/uploads/2016/01/deratisation-service-255x182.jpg]
[wascade.ma/wp-content/uploads/2018/03/slide-2-1-255x182.jpg]
[wascade.ma/wp-content/uploads/2018/03/desinsectisation-service-255x182.jpg]
[wascade.ma/wp-content/uploads/2018/03/IMG-20180319-WA0037-255x182.jpg]
[wascade.ma/services/capture-des-chats-errants/index.html]
[wascade.ma/wp-content/uploads/2018/03/chien-enrage-255x182.jpg]
[wascade.ma/services/capture-des-chiens-errants/index.html]
[wascade.ma/wp-content/uploads/2018/03/1412863545_media-255x182.jpg]
[wascade.ma/nos-services/index.html]
[wascade.ma/wp-json/oembed/1.0/embed4099.json]
[wascade.ma/index5f97.html]
[wascade.ma/wp-json/oembed/1.0/embedf109]
[wascade.ma/services/0661354417]
[wascade.ma/wp-content/uploads/2016/01/deratisation-service-825x409.jpg]
[wascade.ma/wp-content/uploads/2016/01/der-1-825x409.jpg]
[wascade.ma/wp-content/uploads/2016/01/der-2-825x409.jpg]
[wascade.ma/services/deratisation.html]
[wascade.ma/wp-json/oembed/1.0/embed5535.json]
[wascade.ma/index674c.html]
[wascade.ma/wp-json/oembed/1.0/embed77f0]
[wascade.ma/wp-content/uploads/2018/03/slide-2-1-825x409.jpg]
[wascade.ma/wp-content/uploads/2018/03/HAC_2980-825x409.jpg]
[wascade.ma/wp-content/uploads/2018/03/HAC_3116-825x409.jpg]
[wascade.ma/services/desinsectisation.html]
[wascade.ma/indexd81c.html]
[wascade.ma/wp-json/oembed/1.0/embedfd50.json]
[wascade.ma/wp-json/oembed/1.0/embed6232]
[wascade.ma/wp-content/uploads/2018/03/HAC_3044-825x409.jpg]
[wascade.ma/wp-content/uploads/2018/03/HAC_3057-825x409.jpg]
[wascade.ma/wp-content/uploads/2018/03/slide-18-825x409.jpg]
[wascade.ma/services/desinfection.html]
[wascade.ma/wp-json/oembed/1.0/embed8543.json]
[wascade.ma/index9fdd.html]
[wascade.ma/wp-json/oembed/1.0/embed7c87]
[wascade.ma/wp-content/uploads/2018/03/IMG-20180319-WA0036-825x409.jpg]
[wascade.ma/wp-content/uploads/2018/03/IMG-20180319-WA0032-825x409.jpg]
[wascade.ma/wp-content/uploads/2018/03/IMG-20180319-WA0034-825x409.jpg]
[wascade.ma/services/capture-des-chats-errants.html]
[wascade.ma/indexcf6d.html]
[wascade.ma/wp-json/oembed/1.0/embedf55a.json]
[wascade.ma/wp-json/oembed/1.0/embed2927]
[wascade.ma/wp-content/uploads/2018/03/chien-enrage-848x550.jpg]
[wascade.ma/services/capture-des-chiens-errants.html]
[wascade.ma/indexa9e1.html]
[wascade.ma/wp-json/oembed/1.0/embed68f4.json]
[wascade.ma/wp-json/oembed/1.0/embed1e2c]
[wascade.ma/wp-content/uploads/2018/03/1412863545_media.jpg]
[wascade.ma/services/depigeonnisation.html]
[wascade.ma/wp-content/uploads/2018/03/bg-title-products2.jpg]
[wascade.ma/wp-json/oembed/1.0/embed6d2e.json]
[wascade.ma/index9646.html]
[wascade.ma/wp-json/oembed/1.0/embed670f]
[wascade.ma/nos-produits/0661354417]
[wascade.ma/nos-produits/661354417/index.html]
[wascade.ma/wp-content/uploads/2018/04/IMG-20180319-WA0041-255x182.jpg]
[wascade.ma/services/fly-tec/index.html]
[wascade.ma/wp-content/uploads/2018/04/total-box-transparent-255x182.png]
[wascade.ma/services/total-box-transparent/index.html]
[wascade.ma/wp-content/uploads/2018/04/IMG-20180319-WA0025-255x182.jpg]
[wascade.ma/services/masterbox-midi/index.html]
[wascade.ma/wp-content/uploads/2018/04/mini-fog-255x182.png]
[wascade.ma/services/total-box/index.html]
[wascade.ma/services/mini-fog/index.html]
[wascade.ma/services/fusion-box/index.html]
[wascade.ma/wp-content/uploads/2018/04/fusion-box-255x182.png]
[wascade.ma/wp-content/uploads/2018/03/IMG-20180319-WA0032-255x182.jpg]
[wascade.ma/nos-produits/index.html]
[wascade.ma/services/cage-de-capture-pour-chats/index.html]
[wascade.ma/indexaffb.html]
[wascade.ma/wp-json/oembed/1.0/embed94bc.json]
[wascade.ma/wp-json/oembed/1.0/embed8053]
[wascade.ma/contact/0661354417]
[wascade.ma/contact/661354417/index.html]
[www.google.com/recaptcha/apiae20.js]
[wascade.ma/contact/index.html]
[wascade.ma/a-propos.html]
[wascade.ma/services/deratisation/0661354417]
[wascade.ma/services/deratisation/index.html]
[wascade.ma/services/desinfection/0661354417]
[wascade.ma/services/desinfection/index.html]
[wascade.ma/contact.html]
[wascade.ma/services/deratisation/661354417/index.html]
[wascade.ma/services/desinfection/661354417/index.html]
[wascade.ma/services/desinsectisation/0661354417]
[wascade.ma/services/desinsectisation/index.html]
[wascade.ma/services/capture-des-chats/index.html]
[wascade.ma/services/capture-des-chiens/index.html]
[wascade.ma/services/depigeonnisation/0661354417]
[wascade.ma/services/depigeonnisation/index.html]
[wascade.ma/services/desinsectisation/661354417/index.html]
[wascade.ma/services/depigeonnisation/661354417/index.html]
[wascade.ma/wp-json/oembed/1.0/embed97f7.json]
[wascade.ma/indexcd66.html]
[wascade.ma/wp-json/oembed/1.0/embed6473]
[wascade.ma/services/cage-de-capture-pour-rats/0661354417]
[wascade.ma/services/cage-de-capture-pour-rats/661354417/index.html]
[wascade.ma/wp-content/uploads/2018/03/IMG-20180319-WA0022-1-1110x550.jpg]
[wascade.ma/services/cage-de-capture-pour-rats/index.html]
[wascade.ma/wp-json/oembed/1.0/embedf69b.json]
[wascade.ma/index55fc.html]
[wascade.ma/wp-json/oembed/1.0/embed0f86]
[wascade.ma/services/poste-dappatage-masterbox-big/0661354417]
[wascade.ma/services/poste-dappatage-masterbox-big/661354417/index.html]
[wascade.ma/wp-content/uploads/2018/03/big02a.jpg]
[wascade.ma/services/poste-dappatage-masterbox-big/index.html]
[wascade.ma/wp-json/oembed/1.0/embedd88d.json]
[wascade.ma/wp-json/oembed/1.0/embedba05]
[wascade.ma/indexe10c.html]
[wascade.ma/services/masterbox-plus-transparent/0661354417.ea.delayed]
[wascade.ma/services/masterbox-plus-transparent/661354417/index.html]
[wascade.ma/wp-content/uploads/2018/03/MASTERBOX-PLUS-793x550.jpg]
[wascade.ma/wp-content/uploads/2018/03/master-box-plus-transparent-caracteristiques.png]
[wascade.ma/services/masterbox-plus-transparent/index.html]
[wascade.ma/index320d.html]
[wascade.ma/wp-json/oembed/1.0/embedf200.json]
[wascade.ma/wp-json/oembed/1.0/embed298a]
[wascade.ma/services/eurofly/0661354417]
[wascade.ma/wp-content/uploads/2018/04/eurofly.png]
[wascade.ma/services/eurofly/661354417/index.html]
[wascade.ma/wp-content/uploads/2018/04/eurofly-caract.png]
[wascade.ma/services/eurofly/index.html]
[wascade.ma/Popover requires tooltip.js]
[apis.google.com/js/plusone.js]
[assets.pinterest.com/js/pinit.js]
[wascade.ma/wp-content/cache/minify/d096e.js]
[wascade.ma/wp-content/cache/minify/5e707.js]
[wascade.ma/wp-content/uploads/stm_fonts/stm/stm8e1e.svg]
[wascade.ma/wp-content/uploads/stm_fonts/mega/megaf0fd.svg]
[wascade.ma/wp-content/plugins/revslider/public/assets/fonts/revicons/revicons90c6.svg]
[wascade.ma/wp-content/plugins/revslider/public/assets/css/openhand.html]
[wascade.ma/wp-content/plugins/revslider/public/assets/css/closedhand.html]
[wascade.ma/wp-content/themes/consulting/assets/fonts/glyphicons-halflings-regular.svg]
[wascade.ma/wp-content/themes/consulting/assets/fonts/fontawesome-webfont3e6e.svg]
[wascade.ma/wp-content/plugins/js_composer/assets/fonts/vc_icons_v2/fonts/vcpb-plugin-icons01aa.svg]
[wascade.ma/wp-content/plugins/js_composer/assets/fonts/vc_grid/vc_grid_v157a1.svg]
[wascade.ma/wp-content/plugins/wp-client-logo-carousel/img/grabbing.html]
[wascade.ma/wp-content/plugins/wp-client-logo-carousel/img/AjaxLoader.html]
[wascade.ma/TweenLite.html]
[wascade.ma/Version/index.html]
[wascade.ma/+s+.html]
[wascade.ma/wp-content/cache/minify/ceb8e.css]
[wascade.ma/indexb5fb.html]
[wascade.ma/a-propos/661354417/0661354417.f5.delayed]
[wascade.ma/a-propos/661354417/index.html]
[wascade.ma/a-propos/Popover requires tooltip.js]
[wascade.ma/a-propos/GET]
[wascade.ma/a-propos/Error pJS - No image.src]
[wascade.ma/wp-content/cache/minify/d195c.js]
[wascade.ma/wp-content/cache/minify/2fb64.css]
[wascade.ma/index193e.html]
[wascade.ma/nos-services/661354417/0661354417]
[wascade.ma/nos-services/661354417/index.html]
[wascade.ma/services/capture-des-chats-errants/0661354417]
[wascade.ma/services/capture-des-chats-errants/index.html]
[wascade.ma/services/capture-des-chats-errants/661354417/index.html]
[wascade.ma/services/capture-des-chiens-errants/0661354417.fb.delayed]
[wascade.ma/services/capture-des-chiens-errants/index.html]
[wascade.ma/services/capture-des-chiens-errants/661354417/index.html]
[wascade.ma/nos-services/Popover requires tooltip.js]
[wascade.ma/nos-services/GET]
[wascade.ma/nos-services/Error pJS - No image.src]
[wascade.ma/wp-content/cache/minify/7c612.js]
[wascade.ma/index5f97.html]
[wascade.ma/services/0661354417.html]
[wascade.ma/index674c.html]
[wascade.ma/indexd81c.html]
[wascade.ma/index9fdd.html]
[wascade.ma/indexcf6d.html]
[wascade.ma/indexa9e1.html]
[wascade.ma/index9646.html]
[wascade.ma/nos-produits/661354417/0661354417]
[wascade.ma/nos-produits/661354417/index.html]
[wascade.ma/wp-json/oembed/1.0/embed5ab3.json]
[wascade.ma/index0a58.html]
[wascade.ma/wp-json/oembed/1.0/embed03c5]
[wascade.ma/services/fly-tec/0661354417]
[wascade.ma/services/fly-tec/661354417/index.html]
[wascade.ma/wp-content/uploads/2018/04/IMG-20180319-WA0041.jpg]
[wascade.ma/wp-content/uploads/2018/04/produit-112.png]
[wascade.ma/services/fly-tec/index.html]
[wascade.ma/indexb5db.html]
[wascade.ma/wp-json/oembed/1.0/embedefa4.json]
[wascade.ma/wp-json/oembed/1.0/embed52f4]
[wascade.ma/services/total-box-transparent/0661354417]
[wascade.ma/wp-content/uploads/2018/04/total-box-transparent.png]
[wascade.ma/services/total-box-transparent/661354417/index.html]
[wascade.ma/wp-content/uploads/2018/04/caracteristiques-total-box-transparent.png]
[wascade.ma/services/total-box-transparent/index.html]
[wascade.ma/wp-json/oembed/1.0/embed667f.json]
[wascade.ma/index9ed7.html]
[wascade.ma/wp-json/oembed/1.0/embed0fb7]
[wascade.ma/services/masterbox-midi/0661354417]
[wascade.ma/wp-content/uploads/2018/04/IMG-20180319-WA0026.jpg]
[wascade.ma/services/masterbox-midi/661354417/index.html]
[wascade.ma/wp-content/uploads/2018/04/master-box-midi.png]
[wascade.ma/wp-content/uploads/2018/04/caract-masterbox-midi.png]
[wascade.ma/services/masterbox-midi/index.html]
[wascade.ma/wp-json/oembed/1.0/embed818c.json]
[wascade.ma/index13fe.html]
[wascade.ma/wp-json/oembed/1.0/embed8466]
[wascade.ma/services/total-box/0661354417]
[wascade.ma/services/total-box/661354417/index.html]
[wascade.ma/wp-content/uploads/2018/04/IMG-20180319-WA0025.jpg]
[wascade.ma/wp-content/uploads/2016/01/der-1.jpg]
[wascade.ma/wp-content/uploads/2018/04/caract-total-box.png]
[wascade.ma/services/total-box/index.html]
[wascade.ma/indexd900.html]
[wascade.ma/wp-json/oembed/1.0/embedafb3.json]
[wascade.ma/wp-json/oembed/1.0/embedbe4d]
[wascade.ma/services/mini-fog/0661354417]
[wascade.ma/wp-content/uploads/2018/04/mini-fog.png]
[wascade.ma/services/mini-fog/661354417/index.html]
[wascade.ma/wp-content/uploads/2018/03/IMG-20180319-WA0015.jpg]
[wascade.ma/wp-content/uploads/2018/04/caract-mini-fog.png]
[wascade.ma/services/mini-fog/index.html]
[wascade.ma/indexc5b3.html]
[wascade.ma/wp-json/oembed/1.0/embed56d7.json]
[wascade.ma/wp-json/oembed/1.0/embedbbde]
[wascade.ma/services/fusion-box/0661354417]
[wascade.ma/wp-content/uploads/2018/04/fusion-box.png]
[wascade.ma/services/fusion-box/661354417/index.html]
[wascade.ma/wp-content/uploads/2018/04/caract-fusion-box.png]
[wascade.ma/services/fusion-box/index.html]
[wascade.ma/wp-json/oembed/1.0/embedc4de.json]
[wascade.ma/wp-json/oembed/1.0/embed6856]
[wascade.ma/index6ccc.html]
[wascade.ma/services/cage-de-capture-pour-chats/0661354417]
[wascade.ma/wp-content/uploads/2018/03/IMG-20180319-WA0035.jpg]
[wascade.ma/services/cage-de-capture-pour-chats/661354417/index.html]
[wascade.ma/wp-content/uploads/2018/03/IMG-20180319-WA0032.jpg]
[wascade.ma/wp-content/uploads/2018/04/caract-capture-chats.png]
[wascade.ma/services/cage-de-capture-pour-chats/index.html]
[wascade.ma/wp-content/cache/minify/20bb4.css]
[wascade.ma/indexaffb.html]
[wascade.ma/contact/661354417/0661354417]
[wascade.ma/contact/661354417/index.html]
[wascade.ma/services/deratisation/661354417/0661354417]
[wascade.ma/services/deratisation/661354417/index.html]
[wascade.ma/services/desinfection/661354417/0661354417]
[wascade.ma/services/desinfection/661354417/index.html]
[wascade.ma/services/desinsectisation/661354417/0661354417]
[wascade.ma/services/desinsectisation/661354417/index.html]
[wascade.ma/services/depigeonnisation/661354417/0661354417]
[wascade.ma/services/depigeonnisation/661354417/index.html]
[wascade.ma/wp-content/cache/minify/ddd92.css]
[wascade.ma/indexcd66.html]
[wascade.ma/services/cage-de-capture-pour-rats/661354417/0661354417]
[wascade.ma/services/cage-de-capture-pour-rats/661354417/index.html]
[wascade.ma/services/cage-de-capture-pour-rats/Popover requires tooltip.js]
[wascade.ma/services/cage-de-capture-pour-rats/GET]
[wascade.ma/services/cage-de-capture-pour-rats/Error pJS - No image.src]
[wascade.ma/wp-content/cache/minify/2a7eb.js]
[wascade.ma/index55fc.html]
[wascade.ma/services/poste-dappatage-masterbox-big/661354417/0661354417]
[wascade.ma/services/poste-dappatage-masterbox-big/661354417/index.html]
[wascade.ma/indexe10c.html]
[wascade.ma/services/masterbox-plus-transparent/661354417/0661354417]
[wascade.ma/services/masterbox-plus-transparent/661354417/index.html]
[wascade.ma/index320d.html]
[wascade.ma/services/eurofly/661354417/0661354417]
[wascade.ma/services/eurofly/661354417/index.html]
[wascade.ma/Popover requires tooltip.html]
[wascade.ma/a-propos/661354417/0661354417.html]
[wascade.ma/a-propos/Popover requires tooltip.html]
[wascade.ma/a-propos/GET.html]
[wascade.ma/a-propos/Error pJS - No image.html]
[wascade.ma/nos-services/661354417/0661354417.html]
[wascade.ma/services/capture-des-chats-errants/661354417/0661354417]
[wascade.ma/services/capture-des-chats-errants/661354417/index.html]
[wascade.ma/services/capture-des-chiens-errants/661354417/0661354417]
[wascade.ma/services/capture-des-chiens-errants/661354417/index.html]
[wascade.ma/nos-services/Popover requires tooltip.html]
[wascade.ma/nos-services/GET.html]
[wascade.ma/nos-services/Error pJS - No image.html]
[wascade.ma/nos-produits/661354417/0661354417.html]
[wascade.ma/index0a58.html]
[wascade.ma/services/fly-tec/661354417/0661354417]
[wascade.ma/services/fly-tec/661354417/index.html]
[wascade.ma/indexb5db.html]
[wascade.ma/services/total-box-transparent/661354417/0661354417]
[wascade.ma/services/total-box-transparent/661354417/index.html]
[wascade.ma/wp-content/cache/minify/efb0d.css]
[wascade.ma/index9ed7.html]
[wascade.ma/services/masterbox-midi/661354417/0661354417]
[wascade.ma/services/masterbox-midi/661354417/index.html]
[wascade.ma/services/masterbox-midi/Popover requires tooltip.js]
[wascade.ma/services/masterbox-midi/GET]
[wascade.ma/services/masterbox-midi/Error pJS - No image.src]
[wascade.ma/wp-content/cache/minify/7ef12.js]
[wascade.ma/index13fe.html]
[wascade.ma/services/total-box/661354417/0661354417]
[wascade.ma/services/total-box/661354417/index.html]
[wascade.ma/indexd900.html]
[wascade.ma/services/mini-fog/661354417/0661354417]
[wascade.ma/services/mini-fog/661354417/index.html]
[wascade.ma/indexc5b3.html]
[wascade.ma/services/fusion-box/661354417/0661354417]
[wascade.ma/services/fusion-box/661354417/index.html]
[wascade.ma/index6ccc.html]
[wascade.ma/services/cage-de-capture-pour-chats/661354417/0661354417]
[wascade.ma/services/cage-de-capture-pour-chats/661354417/index.html]
[wascade.ma/contact/661354417/0661354417.html]
[wascade.ma/services/deratisation/661354417/0661354417.html]
[wascade.ma/services/desinfection/661354417/0661354417.html]
[wascade.ma/services/desinsectisation/661354417/0661354417.html]
[wascade.ma/services/depigeonnisation/661354417/0661354417.html]
[wascade.ma/services/cage-de-capture-pour-rats/661354417/0661354417.html]
[wascade.ma/services/cage-de-capture-pour-rats/Popover requires tooltip.html]
[wascade.ma/services/cage-de-capture-pour-rats/GET.html]
[wascade.ma/services/cage-de-capture-pour-rats/Error pJS - No image.html]
[wascade.ma/services/poste-dappatage-masterbox-big/661354417/0661354417.html]
[wascade.ma/services/masterbox-plus-transparent/661354417/0661354417.html]
[wascade.ma/services/eurofly/661354417/0661354417.html]
[wascade.ma/services/capture-des-chats-errants/661354417/0661354417.html]
[wascade.ma/services/capture-des-chiens-errants/661354417/0661354417.html]
[wascade.ma/services/fly-tec/661354417/0661354417.html]
[wascade.ma/services/total-box-transparent/661354417/0661354417.html]
[wascade.ma/services/masterbox-midi/661354417/0661354417.html]
[wascade.ma/services/masterbox-midi/Popover requires tooltip.html]
[wascade.ma/services/masterbox-midi/GET.html]
[wascade.ma/services/masterbox-midi/Error pJS - No image.html]
[wascade.ma/services/total-box/661354417/0661354417.html]
[wascade.ma/services/mini-fog/661354417/0661354417.html]
[wascade.ma/services/fusion-box/661354417/0661354417.html]
[wascade.ma/services/cage-de-capture-pour-chats/661354417/0661354417.html]
